Script started on Thu 11 Feb 2016 06:33:46 PM EST
bash-4.1$ uname _[K-1[Ka
Linux zeus-1 2.6.32-573.12.1.el6.centos.plus.x86_64 #1 SMP Wed Dec 16 16:48:42 UTC 2015 x86_64 x86_64 x86_64 GNU/Linux
bash-4.1$ ls
lab3_sgamble2_207.c  lab3_typescript_sgamble2_207  Makefile  sample_input.txt
bash-4.1$ cat lab3_sgamble2_207.c
//Sean Gamble G00892005
//CS 262 Lab Section 207
//Lab 3

#include<stdio.h>

char enterChar()
{
	char cin;
	printf("ey b0ss, enter a char pls\n");
	//fgets(cin, 10, stdin);
	scanf(" %c",&cin);
	return cin;
}

int enterInt()
{
	int N=0;

	printf("enter a number 1-15\n");
	while(1)
	{
		scanf(" %d", &N);
		if(N>15 || N<1)
		{
			printf("please enter a valid number\n");
		}
		else
		{
			break;
		}
	}
	return N;	 
}
void printRecA(int N, char C)
{
	int i;
	int j;
	for(i=0; i<N; i=i+1)
	{
		for(j=0; j<N; j=j+1)
		{
			printf("%c",C);
		}
		printf("\n");
	}
	return;
}

void printRecB(int N, char C)
{
	int i;
	int j;
	for(i=0; i<N; i=i+1)
	{
		for(j=0; j<N; j=j+1)
		{
			if(i==0 || i==(N-1) || j==0 || j==(N-1))
			{
				printf("%c",C);
			}
			else
			{
				printf(" ");
			}
		}
		printf("\n");
	}
	return;
}
	
int main()
{	
	char input;
        char C= ' ';
        int N=0;
	while(1){
	
		printf("Enter/Change Character: 'C' or 'c'\n Enter/Change Number		: 'N' or 'n'\n Print Rectangle Type 1 (Border Only): '1'\n Print 		Rectangle Type 2 (Filled in): '2'\n Quit Program: 'Q' or 'q'\n")		;
	
		scanf(" %c", &input);
		switch(input)
		{
			case 'C':
			case 'c':
				C=enterChar();
				break;	
			case 'N':		
			case 'n':
				N=enterInt();
				break;	
			case '1':
				printRecB(N,C);
				break;
			case '2':
				printRecA(N,C);
				break;
			case 'Q':			
			case 'q':
				return 0;
			default:
				printf("invalid character\n");
		}
	}
}
			


bash-4.1$ make
gcc -o lab3_sgamble2_207 lab3_sgamble2_207.c -Wall -g
bash-4.1$ ls
lab3_sgamble2_207    lab3_typescript_sgamble2_207  sample_input.txt
lab3_sgamble2_207.c  Makefile
bash-4.1$ lsmakecat lab3_sgamble2_207.c[C[C[C[C[C[C[C[C[C[Cls[Kuname -amake[Kls[Kmakecat lab3_sgamble2_207.c[C[C[C[C[C[C[C[C[C[Cls[Kcat lab3_sgamble2_207.c[C[C[C[C[C[C[C[C[C[Cls[Kuname -amake[Krm lab3_sgamble2_207[C[C[C[C[C[C[C[C[C[Cls[Kuname -aProject1_sgamble2_207[C[C[C[C[C[C[C[C[C[Cvi Project1_sgamble2_207.c[C[C[C[C[C[C[C[C[C[CProject1_sgamble2_207[K[C[C[C[C[C[C[C[C[C[Cuname -a[Kls[Krm lab3_sgamble2_207[C[C[C[C[C[C[C[C[C[Cmake[Kuname -als[Kcat lab3_sgamble2_207.c[C[C[C[C[C[C[C[C[C[Cmake[Kls[Kmakeuname -als[Kcat lab3_sgamble2_207.c[K[Klab3_sgamble2_207[K[C[C[C[C[C[C[C[C[C[C[C[C[Clab3_sgamble2_207[K[C[C[C[C[C[C[C[C[C[C[C[Clab3_sgamble2_207[K[C[C[C[C[C[C[C[C[C[C[Clab3_sgamble2_207[K[C[C[C[C[C[C[C[C[C[C[C[C[C[C[C[C[C[C[C[C[C[C[C[C[C[C[C <sample_input.txt sample_input.txt[C[C[C[C[C[C[C[C[C[C[C[C[C[C[C[C
Enter/Change Character: 'C' or 'c'
 Enter/Change Number		: 'N' or 'n'
 Print Rectangle Type 1 (Border Only): '1'
 Print 		Rectangle Type 2 (Filled in): '2'
 Quit Program: 'Q' or 'q'
Enter/Change Character: 'C' or 'c'
 Enter/Change Number		: 'N' or 'n'
 Print Rectangle Type 1 (Border Only): '1'
 Print 		Rectangle Type 2 (Filled in): '2'
 Quit Program: 'Q' or 'q'
Enter/Change Character: 'C' or 'c'
 Enter/Change Number		: 'N' or 'n'
 Print Rectangle Type 1 (Border Only): '1'
 Print 		Rectangle Type 2 (Filled in): '2'
 Quit Program: 'Q' or 'q'
ey b0ss, enter a char pls
Enter/Change Character: 'C' or 'c'
 Enter/Change Number		: 'N' or 'n'
 Print Rectangle Type 1 (Border Only): '1'
 Print 		Rectangle Type 2 (Filled in): '2'
 Quit Program: 'Q' or 'q'
Enter/Change Character: 'C' or 'c'
 Enter/Change Number		: 'N' or 'n'
 Print Rectangle Type 1 (Border Only): '1'
 Print 		Rectangle Type 2 (Filled in): '2'
 Quit Program: 'Q' or 'q'
Enter/Change Character: 'C' or 'c'
 Enter/Change Number		: 'N' or 'n'
 Print Rectangle Type 1 (Border Only): '1'
 Print 		Rectangle Type 2 (Filled in): '2'
 Quit Program: 'Q' or 'q'
enter a number 1-15
please enter a valid number
please enter a valid number
Enter/Change Character: 'C' or 'c'
 Enter/Change Number		: 'N' or 'n'
 Print Rectangle Type 1 (Border Only): '1'
 Print 		Rectangle Type 2 (Filled in): '2'
 Quit Program: 'Q' or 'q'
**********
*        *
*        *
*        *
*        *
*        *
*        *
*        *
*        *
**********
Enter/Change Character: 'C' or 'c'
 Enter/Change Number		: 'N' or 'n'
 Print Rectangle Type 1 (Border Only): '1'
 Print 		Rectangle Type 2 (Filled in): '2'
 Quit Program: 'Q' or 'q'
**********
**********
**********
**********
**********
**********
**********
**********
**********
**********
Enter/Change Character: 'C' or 'c'
 Enter/Change Number		: 'N' or 'n'
 Print Rectangle Type 1 (Border Only): '1'
 Print 		Rectangle Type 2 (Filled in): '2'
 Quit Program: 'Q' or 'q'
invalid character
Enter/Change Character: 'C' or 'c'
 Enter/Change Number		: 'N' or 'n'
 Print Rectangle Type 1 (Border Only): '1'
 Print 		Rectangle Type 2 (Filled in): '2'
 Quit Program: 'Q' or 'q'
bash-4.1$ make clean
rm -f lab3_sgamble2_207
bash-4.1$ exit

Script done on Thu 11 Feb 2016 06:36:22 PM EST
